// Jest Snapshot v1, https://goo.gl/fbAQLP

exports[`<Button /> should render a medium button by default 1`] = `
.c0 {
  background: linear-gradient(180deg,#3d7afd 0%,#7ca2ef);
  color: #FAFAFA;
  border: 0;
  border-radius: 0.4rem;
  padding: 0.8rem;
  cursor: pointer;
  height: 4rem;
  font-size: 1.4rem;
  padding: 0.8rem 3.2rem;
}

<button
  class="c0"
>
  <span>
    Buy now
  </span>
</button>
`;
