// Jest Snapshot v1, https://goo.gl/fbAQLP

exports[`<Highlight /> should render headings and button 1`] = `
.c5 {
  background: #08327A;
  color: #FCFCFC;
  border: 0;
  display: -webkit-inline-box;
  display: -webkit-inline-flex;
  display: -ms-inline-flexbox;
  display: inline-flex;
  -webkit-align-items: center;
  -webkit-box-align: center;
  -ms-flex-align: center;
  align-items: center;
  -webkit-box-pack: center;
  -webkit-justify-content: center;
  -ms-flex-pack: center;
  justify-content: center;
  border-radius: 0.4rem;
  padding: 0.8rem;
  background-position: center;
  -webkit-transition: background 0.8s;
  transition: background 0.8s;
  box-shadow: 0px 2px 5px -2px rgba(0,0,0,0.52);
  cursor: pointer;
  outline: none;
  -webkit-text-decoration: none;
  text-decoration: none;
  height: 3rem;
  font-size: 1.2rem;
}

.c5:hover {
  background: #051F4D radial-gradient(circle,transparent 1%,#051F4D 1%) center/15000%;
}

.c5:active {
  background-color: #051F4D;
  background-size: 100%;
  -webkit-transition: background 0s;
  transition: background 0s;
}

.c0 {
  position: relative;
  background-image: url(/img/red-dead-img.jpg);
  background-position: center center;
  background-size: cover;
  height: 23rem;
  display: grid;
  grid-template-areas: 'floatimage content';
  grid-template-columns: 1.3fr 2fr;
  grid-template-areas: 'floatimage content';
  grid-template-columns: 1.3fr 2fr;
}

.c0::after {
  content: '';
  position: absolute;
  width: 100%;
  height: 100%;
  background-color: rgba(0,0,0,0.6);
}

.c0 .c1 {
  text-align: right;
}

.c2 {
  grid-area: content;
  z-index: 10;
  padding: 1.6rem;
}

.c3 {
  font-size: 1.8rem;
  font-weight: 600;
  color: #FCFCFC;
}

.c4 {
  font-size: 1.4rem;
  font-weight: 300;
  color: #FCFCFC;
  margin-bottom: 3.2rem;
}

@media (min-width:768px) {
  .c0 {
    height: 32rem;
  }
}

@media (min-width:768px) {
  .c2 {
    -webkit-align-self: end;
    -ms-flex-item-align: end;
    align-self: end;
    padding: 4.0rem;
  }
}

@media (min-width:768px) {
  .c3 {
    font-size: 2.8rem;
  }
}

@media (min-width:768px) {
  .c4 {
    font-size: 1.8rem;
  }
}

<section
  class="c0"
>
  <div
    class="c1 c2"
  >
    <h2
      class="c3"
    >
      Heading 1
    </h2>
    <h3
      class="c4"
    >
      Heading 2
    </h3>
    <a
      class="c5"
      href="/rdr2"
    >
      <span>
        Buy now
      </span>
    </a>
  </div>
</section>
`
