// Jest Snapshot v1, https://goo.gl/fbAQLP

exports[`<CookiePolicy /> should render the heading 1`] = `
<main
  class=""
>
  <h1>
    CookiePolicy
  </h1>
</main>
`;
